Archive member included to satisfy reference by file (symbol)

g:/atmel/studio/7.0/toolchain/avr8/avr8-gnu-toolchain/bin/../lib/gcc/avr/5.4.0/avr5\libgcc.a(_exit.o)
                              G:/Atmel/Studio/7.0/Packs/atmel/ATmega_DFP/1.2.209/gcc/dev/atmega16/avr5/crtatmega16.o (exit)
g:/atmel/studio/7.0/toolchain/avr8/avr8-gnu-toolchain/bin/../lib/gcc/avr/5.4.0/avr5\libgcc.a(_clear_bss.o)
                              7-Seg_Counter.o (__do_clear_bss)

Discarded input sections

 .data          0x00000000        0x0 G:/Atmel/Studio/7.0/Packs/atmel/ATmega_DFP/1.2.209/gcc/dev/atmega16/avr5/crtatmega16.o
 .bss           0x00000000        0x0 G:/Atmel/Studio/7.0/Packs/atmel/ATmega_DFP/1.2.209/gcc/dev/atmega16/avr5/crtatmega16.o
 .text          0x00000000        0x0 7-Seg_Counter.o
 .data          0x00000000        0x0 7-Seg_Counter.o
 .bss           0x00000000        0x0 7-Seg_Counter.o
 .text          0x00000000        0x0 External_Interrupts.o
 .data          0x00000000        0x0 External_Interrupts.o
 .bss           0x00000000        0x0 External_Interrupts.o
 .text.Icu_DeInit
                0x00000000       0x36 External_Interrupts.o
 .text          0x00000000        0x0 timer.o
 .data          0x00000000        0x0 timer.o
 .bss           0x00000000        0x0 timer.o
 .text.Timer_clearTimerValue
                0x00000000       0x1e timer.o
 .text.Timer_EditDuty
                0x00000000       0x24 timer.o
 .text.TIMER_DeInit
                0x00000000       0x52 timer.o
 .text          0x00000000        0x0 g:/atmel/studio/7.0/toolchain/avr8/avr8-gnu-toolchain/bin/../lib/gcc/avr/5.4.0/avr5\libgcc.a(_exit.o)
 .data          0x00000000        0x0 g:/atmel/studio/7.0/toolchain/avr8/avr8-gnu-toolchain/bin/../lib/gcc/avr/5.4.0/avr5\libgcc.a(_exit.o)
 .bss           0x00000000        0x0 g:/atmel/studio/7.0/toolchain/avr8/avr8-gnu-toolchain/bin/../lib/gcc/avr/5.4.0/avr5\libgcc.a(_exit.o)
 .text.libgcc.mul
                0x00000000        0x0 g:/atmel/studio/7.0/toolchain/avr8/avr8-gnu-toolchain/bin/../lib/gcc/avr/5.4.0/avr5\libgcc.a(_exit.o)
 .text.libgcc.div
                0x00000000        0x0 g:/atmel/studio/7.0/toolchain/avr8/avr8-gnu-toolchain/bin/../lib/gcc/avr/5.4.0/avr5\libgcc.a(_exit.o)
 .text.libgcc   0x00000000        0x0 g:/atmel/studio/7.0/toolchain/avr8/avr8-gnu-toolchain/bin/../lib/gcc/avr/5.4.0/avr5\libgcc.a(_exit.o)
 .text.libgcc.prologue
                0x00000000        0x0 g:/atmel/studio/7.0/toolchain/avr8/avr8-gnu-toolchain/bin/../lib/gcc/avr/5.4.0/avr5\libgcc.a(_exit.o)
 .text.libgcc.builtins
                0x00000000        0x0 g:/atmel/studio/7.0/toolchain/avr8/avr8-gnu-toolchain/bin/../lib/gcc/avr/5.4.0/avr5\libgcc.a(_exit.o)
 .text.libgcc.fmul
                0x00000000        0x0 g:/atmel/studio/7.0/toolchain/avr8/avr8-gnu-toolchain/bin/../lib/gcc/avr/5.4.0/avr5\libgcc.a(_exit.o)
 .text.libgcc.fixed
                0x00000000        0x0 g:/atmel/studio/7.0/toolchain/avr8/avr8-gnu-toolchain/bin/../lib/gcc/avr/5.4.0/avr5\libgcc.a(_exit.o)
 .text          0x00000000        0x0 g:/atmel/studio/7.0/toolchain/avr8/avr8-gnu-toolchain/bin/../lib/gcc/avr/5.4.0/avr5\libgcc.a(_clear_bss.o)
 .data          0x00000000        0x0 g:/atmel/studio/7.0/toolchain/avr8/avr8-gnu-toolchain/bin/../lib/gcc/avr/5.4.0/avr5\libgcc.a(_clear_bss.o)
 .bss           0x00000000        0x0 g:/atmel/studio/7.0/toolchain/avr8/avr8-gnu-toolchain/bin/../lib/gcc/avr/5.4.0/avr5\libgcc.a(_clear_bss.o)
 .text.libgcc.mul
                0x00000000        0x0 g:/atmel/studio/7.0/toolchain/avr8/avr8-gnu-toolchain/bin/../lib/gcc/avr/5.4.0/avr5\libgcc.a(_clear_bss.o)
 .text.libgcc.div
                0x00000000        0x0 g:/atmel/studio/7.0/toolchain/avr8/avr8-gnu-toolchain/bin/../lib/gcc/avr/5.4.0/avr5\libgcc.a(_clear_bss.o)
 .text.libgcc   0x00000000        0x0 g:/atmel/studio/7.0/toolchain/avr8/avr8-gnu-toolchain/bin/../lib/gcc/avr/5.4.0/avr5\libgcc.a(_clear_bss.o)
 .text.libgcc.prologue
                0x00000000        0x0 g:/atmel/studio/7.0/toolchain/avr8/avr8-gnu-toolchain/bin/../lib/gcc/avr/5.4.0/avr5\libgcc.a(_clear_bss.o)
 .text.libgcc.builtins
                0x00000000        0x0 g:/atmel/studio/7.0/toolchain/avr8/avr8-gnu-toolchain/bin/../lib/gcc/avr/5.4.0/avr5\libgcc.a(_clear_bss.o)
 .text.libgcc.fmul
                0x00000000        0x0 g:/atmel/studio/7.0/toolchain/avr8/avr8-gnu-toolchain/bin/../lib/gcc/avr/5.4.0/avr5\libgcc.a(_clear_bss.o)
 .text.libgcc.fixed
                0x00000000        0x0 g:/atmel/studio/7.0/toolchain/avr8/avr8-gnu-toolchain/bin/../lib/gcc/avr/5.4.0/avr5\libgcc.a(_clear_bss.o)

Memory Configuration

Name             Origin             Length             Attributes
text             0x00000000         0x00020000         xr
data             0x00800060         0x0000ffa0         rw !x
eeprom           0x00810000         0x00010000         rw !x
fuse             0x00820000         0x00000002         rw !x
lock             0x00830000         0x00000400         rw !x
signature        0x00840000         0x00000400         rw !x
user_signatures  0x00850000         0x00000400         rw !x
*default*        0x00000000         0xffffffff

Linker script and memory map

LOAD G:/Atmel/Studio/7.0/Packs/atmel/ATmega_DFP/1.2.209/gcc/dev/atmega16/avr5/crtatmega16.o
LOAD 7-Seg_Counter.o
LOAD External_Interrupts.o
LOAD timer.o
START GROUP
LOAD g:/atmel/studio/7.0/toolchain/avr8/avr8-gnu-toolchain/bin/../lib/gcc/avr/5.4.0/../../../../avr/lib/avr5\libm.a
END GROUP
START GROUP
LOAD g:/atmel/studio/7.0/toolchain/avr8/avr8-gnu-toolchain/bin/../lib/gcc/avr/5.4.0/avr5\libgcc.a
LOAD g:/atmel/studio/7.0/toolchain/avr8/avr8-gnu-toolchain/bin/../lib/gcc/avr/5.4.0/../../../../avr/lib/avr5\libm.a
LOAD g:/atmel/studio/7.0/toolchain/avr8/avr8-gnu-toolchain/bin/../lib/gcc/avr/5.4.0/../../../../avr/lib/avr5\libc.a
LOAD G:/Atmel/Studio/7.0/Packs/atmel/ATmega_DFP/1.2.209/gcc/dev/atmega16/avr5\libatmega16.a
END GROUP
                0x00020000                __TEXT_REGION_LENGTH__ = DEFINED (__TEXT_REGION_LENGTH__)?__TEXT_REGION_LENGTH__:0x20000
                0x0000ffa0                __DATA_REGION_LENGTH__ = DEFINED (__DATA_REGION_LENGTH__)?__DATA_REGION_LENGTH__:0xffa0
                0x00010000                __EEPROM_REGION_LENGTH__ = DEFINED (__EEPROM_REGION_LENGTH__)?__EEPROM_REGION_LENGTH__:0x10000
                [0x00000002]                __FUSE_REGION_LENGTH__ = DEFINED (__FUSE_REGION_LENGTH__)?__FUSE_REGION_LENGTH__:0x400
                0x00000400                __LOCK_REGION_LENGTH__ = DEFINED (__LOCK_REGION_LENGTH__)?__LOCK_REGION_LENGTH__:0x400
                0x00000400                __SIGNATURE_REGION_LENGTH__ = DEFINED (__SIGNATURE_REGION_LENGTH__)?__SIGNATURE_REGION_LENGTH__:0x400
                0x00000400                __USER_SIGNATURE_REGION_LENGTH__ = DEFINED (__USER_SIGNATURE_REGION_LENGTH__)?__USER_SIGNATURE_REGION_LENGTH__:0x400

.hash
 *(.hash)

.dynsym
 *(.dynsym)

.dynstr
 *(.dynstr)

.gnu.version
 *(.gnu.version)

.gnu.version_d
 *(.gnu.version_d)

.gnu.version_r
 *(.gnu.version_r)

.rel.init
 *(.rel.init)

.rela.init
 *(.rela.init)

.rel.text
 *(.rel.text)
 *(.rel.text.*)
 *(.rel.gnu.linkonce.t*)

.rela.text
 *(.rela.text)
 *(.rela.text.*)
 *(.rela.gnu.linkonce.t*)

.rel.fini
 *(.rel.fini)

.rela.fini
 *(.rela.fini)

.rel.rodata
 *(.rel.rodata)
 *(.rel.rodata.*)
 *(.rel.gnu.linkonce.r*)

.rela.rodata
 *(.rela.rodata)
 *(.rela.rodata.*)
 *(.rela.gnu.linkonce.r*)

.rel.data
 *(.rel.data)
 *(.rel.data.*)
 *(.rel.gnu.linkonce.d*)

.rela.data
 *(.rela.data)
 *(.rela.data.*)
 *(.rela.gnu.linkonce.d*)

.rel.ctors
 *(.rel.ctors)

.rela.ctors
 *(.rela.ctors)

.rel.dtors
 *(.rel.dtors)

.rela.dtors
 *(.rela.dtors)

.rel.got
 *(.rel.got)

.rela.got
 *(.rela.got)

.rel.bss
 *(.rel.bss)

.rela.bss
 *(.rela.bss)

.rel.plt
 *(.rel.plt)

.rela.plt
 *(.rela.plt)

.text           0x00000000      0x92c
 *(.vectors)
 .vectors       0x00000000       0x54 G:/Atmel/Studio/7.0/Packs/atmel/ATmega_DFP/1.2.209/gcc/dev/atmega16/avr5/crtatmega16.o
                0x00000000                __vector_default
                0x00000000                __vectors
 *(.vectors)
 *(.progmem.gcc*)
                0x00000054                . = ALIGN (0x2)
                0x00000054                __trampolines_start = .
 *(.trampolines)
 .trampolines   0x00000054        0x0 linker stubs
 *(.trampolines*)
                0x00000054                __trampolines_end = .
 *libprintf_flt.a:*(.progmem.data)
 *libc.a:*(.progmem.data)
 *(.progmem*)
                0x00000054                . = ALIGN (0x2)
 *(.jumptables)
 *(.jumptables*)
 *(.lowtext)
 *(.lowtext*)
                0x00000054                __ctors_start = .
 *(.ctors)
                0x00000054                __ctors_end = .
                0x00000054                __dtors_start = .
 *(.dtors)
                0x00000054                __dtors_end = .
 SORT(*)(.ctors)
 SORT(*)(.dtors)
 *(.init0)
 .init0         0x00000054        0x0 G:/Atmel/Studio/7.0/Packs/atmel/ATmega_DFP/1.2.209/gcc/dev/atmega16/avr5/crtatmega16.o
                0x00000054                __init
 *(.init0)
 *(.init1)
 *(.init1)
 *(.init2)
 .init2         0x00000054        0xc G:/Atmel/Studio/7.0/Packs/atmel/ATmega_DFP/1.2.209/gcc/dev/atmega16/avr5/crtatmega16.o
 *(.init2)
 *(.init3)
 *(.init3)
 *(.init4)
 .init4         0x00000060       0x10 g:/atmel/studio/7.0/toolchain/avr8/avr8-gnu-toolchain/bin/../lib/gcc/avr/5.4.0/avr5\libgcc.a(_clear_bss.o)
                0x00000060                __do_clear_bss
 *(.init4)
 *(.init5)
 *(.init5)
 *(.init6)
 *(.init6)
 *(.init7)
 *(.init7)
 *(.init8)
 *(.init8)
 *(.init9)
 .init9         0x00000070        0x8 G:/Atmel/Studio/7.0/Packs/atmel/ATmega_DFP/1.2.209/gcc/dev/atmega16/avr5/crtatmega16.o
 *(.init9)
 *(.text)
 .text          0x00000078        0x4 G:/Atmel/Studio/7.0/Packs/atmel/ATmega_DFP/1.2.209/gcc/dev/atmega16/avr5/crtatmega16.o
                0x00000078                __vector_12
                0x00000078                __bad_interrupt
                0x00000078                __vector_11
                0x00000078                __vector_13
                0x00000078                __vector_17
                0x00000078                __vector_5
                0x00000078                __vector_15
                0x00000078                __vector_14
                0x00000078                __vector_10
                0x00000078                __vector_16
                0x00000078                __vector_20
                0x0000007c                . = ALIGN (0x2)
 *(.text.*)
 .text.INT_function
                0x0000007c        0xe 7-Seg_Counter.o
                0x0000007c                INT_function
 .text.TIMER_function
                0x0000008a       0x1a 7-Seg_Counter.o
                0x0000008a                TIMER_function
 .text.main     0x000000a4      0x26c 7-Seg_Counter.o
                0x000000a4                main
 .text.__vector_1
                0x00000310       0x52 External_Interrupts.o
                0x00000310                __vector_1
 .text.__vector_2
                0x00000362       0x52 External_Interrupts.o
                0x00000362                __vector_2
 .text.__vector_18
                0x000003b4       0x52 External_Interrupts.o
                0x000003b4                __vector_18
 .text.Interrupt_init
                0x00000406       0x78 External_Interrupts.o
                0x00000406                Interrupt_init
 .text.Interrupt_setCallBack
                0x0000047e       0x12 External_Interrupts.o
                0x0000047e                Interrupt_setCallBack
 .text.__vector_9
                0x00000490       0x52 timer.o
                0x00000490                __vector_9
 .text.__vector_19
                0x000004e2       0x52 timer.o
                0x000004e2                __vector_19
 .text.__vector_8
                0x00000534       0x62 timer.o
                0x00000534                __vector_8
 .text.__vector_6
                0x00000596       0x52 timer.o
                0x00000596                __vector_6
 .text.__vector_7
                0x000005e8       0x52 timer.o
                0x000005e8                __vector_7
 .text.__vector_4
                0x0000063a       0x52 timer.o
                0x0000063a                __vector_4
 .text.__vector_3
                0x0000068c       0x52 timer.o
                0x0000068c                __vector_3
 .text.Timer_init
                0x000006de      0x238 timer.o
                0x000006de                Timer_init
 .text.Timer_setCallBack
                0x00000916       0x12 timer.o
                0x00000916                Timer_setCallBack
                0x00000928                . = ALIGN (0x2)
 *(.fini9)
 .fini9         0x00000928        0x0 g:/atmel/studio/7.0/toolchain/avr8/avr8-gnu-toolchain/bin/../lib/gcc/avr/5.4.0/avr5\libgcc.a(_exit.o)
                0x00000928                _exit
                0x00000928                exit
 *(.fini9)
 *(.fini8)
 *(.fini8)
 *(.fini7)
 *(.fini7)
 *(.fini6)
 *(.fini6)
 *(.fini5)
 *(.fini5)
 *(.fini4)
 *(.fini4)
 *(.fini3)
 *(.fini3)
 *(.fini2)
 *(.fini2)
 *(.fini1)
 *(.fini1)
 *(.fini0)
 .fini0         0x00000928        0x4 g:/atmel/studio/7.0/toolchain/avr8/avr8-gnu-toolchain/bin/../lib/gcc/avr/5.4.0/avr5\libgcc.a(_exit.o)
 *(.fini0)
                0x0000092c                _etext = .

.data           0x00800060        0x0 load address 0x0000092c
                [!provide]                PROVIDE (__data_start, .)
 *(.data)
 *(.data*)
 *(.gnu.linkonce.d*)
 *(.rodata)
 *(.rodata*)
 *(.gnu.linkonce.r*)
                0x00800060                . = ALIGN (0x2)
                0x00800060                _edata = .
                [!provide]                PROVIDE (__data_end, .)

.bss            0x00800060       0x14
                0x00800060                PROVIDE (__bss_start, .)
 *(.bss)
 *(.bss*)
 .bss.days_count
                0x00800060        0x1 7-Seg_Counter.o
                0x00800060                days_count
 .bss.hours_count
                0x00800061        0x1 7-Seg_Counter.o
                0x00800061                hours_count
 .bss.minutes_count
                0x00800062        0x1 7-Seg_Counter.o
                0x00800062                minutes_count
 .bss.seconds_count
                0x00800063        0x1 7-Seg_Counter.o
                0x00800063                seconds_count
 .bss.count_second_flag
                0x00800064        0x1 7-Seg_Counter.o
                0x00800064                count_second_flag
 .bss.g_tick    0x00800065        0x1 7-Seg_Counter.o
                0x00800065                g_tick
 .bss.g_callBackPtr
                0x00800066        0x6 External_Interrupts.o
 .bss.g_callBackPtr
                0x0080006c        0x8 timer.o
 *(COMMON)
                0x00800074                PROVIDE (__bss_end, .)
                0x0000092c                __data_load_start = LOADADDR (.data)
                0x0000092c                __data_load_end = (__data_load_start + SIZEOF (.data))

.noinit         0x00800074        0x0
                [!provide]                PROVIDE (__noinit_start, .)
 *(.noinit*)
                [!provide]                PROVIDE (__noinit_end, .)
                0x00800074                _end = .
                [!provide]                PROVIDE (__heap_start, .)

.eeprom         0x00810000        0x0
 *(.eeprom*)
                0x00810000                __eeprom_end = .

.fuse
 *(.fuse)
 *(.lfuse)
 *(.hfuse)
 *(.efuse)

.lock
 *(.lock*)

.signature
 *(.signature*)

.user_signatures
 *(.user_signatures*)

.stab
 *(.stab)

.stabstr
 *(.stabstr)

.stab.excl
 *(.stab.excl)

.stab.exclstr
 *(.stab.exclstr)

.stab.index
 *(.stab.index)

.stab.indexstr
 *(.stab.indexstr)

.comment        0x00000000       0x30
 *(.comment)
 .comment       0x00000000       0x30 7-Seg_Counter.o
                                 0x31 (size before relaxing)
 .comment       0x00000030       0x31 External_Interrupts.o
 .comment       0x00000030       0x31 timer.o

.note.gnu.avr.deviceinfo
                0x00000000       0x3c
 .note.gnu.avr.deviceinfo
                0x00000000       0x3c G:/Atmel/Studio/7.0/Packs/atmel/ATmega_DFP/1.2.209/gcc/dev/atmega16/avr5/crtatmega16.o

.note.gnu.build-id
 *(.note.gnu.build-id)

.debug
 *(.debug)

.line
 *(.line)

.debug_srcinfo
 *(.debug_srcinfo)

.debug_sfnames
 *(.debug_sfnames)

.debug_aranges  0x00000000       0xf0
 *(.debug_aranges)
 .debug_aranges
                0x00000000       0x30 7-Seg_Counter.o
 .debug_aranges
                0x00000030       0x48 External_Interrupts.o
 .debug_aranges
                0x00000078       0x78 timer.o

.debug_pubnames
 *(.debug_pubnames)

.debug_info     0x00000000     0x1314
 *(.debug_info .gnu.linkonce.wi.*)
 .debug_info    0x00000000      0x52e G:/Atmel/Studio/7.0/Packs/atmel/ATmega_DFP/1.2.209/gcc/dev/atmega16/avr5/crtatmega16.o
 .debug_info    0x0000052e      0x6fc 7-Seg_Counter.o
 .debug_info    0x00000c2a      0x258 External_Interrupts.o
 .debug_info    0x00000e82      0x492 timer.o

.debug_abbrev   0x00000000      0x894
 *(.debug_abbrev)
 .debug_abbrev  0x00000000      0x4e7 G:/Atmel/Studio/7.0/Packs/atmel/ATmega_DFP/1.2.209/gcc/dev/atmega16/avr5/crtatmega16.o
 .debug_abbrev  0x000004e7      0x182 7-Seg_Counter.o
 .debug_abbrev  0x00000669       0xf5 External_Interrupts.o
 .debug_abbrev  0x0000075e      0x136 timer.o

.debug_line     0x00000000      0xa36
 *(.debug_line .debug_line.* .debug_line_end)
 .debug_line    0x00000000      0x115 G:/Atmel/Studio/7.0/Packs/atmel/ATmega_DFP/1.2.209/gcc/dev/atmega16/avr5/crtatmega16.o
 .debug_line    0x00000115      0x2e3 7-Seg_Counter.o
 .debug_line    0x000003f8      0x1c8 External_Interrupts.o
 .debug_line    0x000005c0      0x476 timer.o

.debug_frame    0x00000000      0x46c
 *(.debug_frame)
 .debug_frame   0x00000000       0x54 7-Seg_Counter.o
 .debug_frame   0x00000054      0x14c External_Interrupts.o
 .debug_frame   0x000001a0      0x2cc timer.o

.debug_str      0x00000000      0x82d
 *(.debug_str)
 .debug_str     0x00000000      0x1af G:/Atmel/Studio/7.0/Packs/atmel/ATmega_DFP/1.2.209/gcc/dev/atmega16/avr5/crtatmega16.o
 .debug_str     0x000001af      0x578 7-Seg_Counter.o
                                0x5b7 (size before relaxing)
 .debug_str     0x00000727       0x70 External_Interrupts.o
                                0x2df (size before relaxing)
 .debug_str     0x00000797       0x96 timer.o
                                0x4a6 (size before relaxing)

.debug_loc      0x00000000      0xb55
 *(.debug_loc)
 .debug_loc     0x00000000      0x231 7-Seg_Counter.o
 .debug_loc     0x00000231      0x31c External_Interrupts.o
 .debug_loc     0x0000054d      0x608 timer.o

.debug_macinfo
 *(.debug_macinfo)

.debug_weaknames
 *(.debug_weaknames)

.debug_funcnames
 *(.debug_funcnames)

.debug_typenames
 *(.debug_typenames)

.debug_varnames
 *(.debug_varnames)

.debug_pubtypes
 *(.debug_pubtypes)

.debug_ranges   0x00000000       0xc0
 *(.debug_ranges)
 .debug_ranges  0x00000000       0x20 7-Seg_Counter.o
 .debug_ranges  0x00000020       0x38 External_Interrupts.o
 .debug_ranges  0x00000058       0x68 timer.o

.debug_macro
 *(.debug_macro)
OUTPUT(7-Segment Counter.elf elf32-avr)
LOAD linker stubs
